
pract4.elf:     file format elf32-littlearm

Sections:
Idx Name          Size      VMA       LMA       File off  Algn
  0 .bss          000002a4  0c000000  0c000000  00008000  2**2
                  ALLOC
  1 .text         00000340  0c0002a4  0c0002a4  000002a4  2**2
                  CONTENTS, ALLOC, LOAD, READONLY, CODE
  2 .ARM.attributes 0000002e  00000000  00000000  000005e4  2**0
                  CONTENTS, READONLY
  3 .comment      0000002a  00000000  00000000  00000612  2**0
                  CONTENTS, READONLY
  4 .debug_line   00000489  00000000  00000000  0000063c  2**0
                  CONTENTS, READONLY, DEBUGGING
  5 .debug_info   000004e5  00000000  00000000  00000ac5  2**0
                  CONTENTS, READONLY, DEBUGGING
  6 .debug_abbrev 0000022a  00000000  00000000  00000faa  2**0
                  CONTENTS, READONLY, DEBUGGING
  7 .debug_aranges 00000080  00000000  00000000  000011d8  2**3
                  CONTENTS, READONLY, DEBUGGING
  8 .debug_macinfo 00006cae  00000000  00000000  00001258  2**0
                  CONTENTS, READONLY, DEBUGGING
  9 .debug_loc    000002bf  00000000  00000000  00007f06  2**0
                  CONTENTS, READONLY, DEBUGGING
 10 .debug_pubnames 000000c9  00000000  00000000  000081c5  2**0
                  CONTENTS, READONLY, DEBUGGING
 11 .debug_pubtypes 00000060  00000000  00000000  0000828e  2**0
                  CONTENTS, READONLY, DEBUGGING
 12 .debug_str    00000157  00000000  00000000  000082ee  2**0
                  CONTENTS, READONLY, DEBUGGING
 13 .debug_frame  000000ec  00000000  00000000  00008448  2**2
                  CONTENTS, READONLY, DEBUGGING

Disassembly of section .text:

0c0002a4 <start>:
    .extern main
    .extern _stack
	.global start

start:
    ldr sp,=_stack
 c0002a4:	e59fd008 	ldr	sp, [pc, #8]	; c0002b4 <End+0x4>
    mov fp,#0
 c0002a8:	e3a0b000 	mov	fp, #0
    
    bl main
 c0002ac:	eb00001d 	bl	c000328 <main>

0c0002b0 <End>:

End:
    B End
 c0002b0:	eafffffe 	b	c0002b0 <End>
 c0002b4:	0c7ff000 	.word	0x0c7ff000

0c0002b8 <initRGB>:
int imagenGris[N][M];
int imagenBinaria[N][M];
int unosPorFila[N];
int sumaUnos;

void initRGB(pixelRGB m[N][M], int nfilas, int ncols) {
 c0002b8:	e92d0070 	push	{r4, r5, r6}

    int i,j;
    
    for (i=0;i<nfilas;i++)
 c0002bc:	e3510000 	cmp	r1, #0
 c0002c0:	da000016 	ble	c000320 <initRGB+0x68>
int imagenGris[N][M];
int imagenBinaria[N][M];
int unosPorFila[N];
int sumaUnos;

void initRGB(pixelRGB m[N][M], int nfilas, int ncols) {
 c0002c4:	e0811101 	add	r1, r1, r1, lsl #2
 c0002c8:	e0815101 	add	r5, r1, r1, lsl #2
 c0002cc:	e3a04000 	mov	r4, #0

    int i,j;
    
    for (i=0;i<nfilas;i++)
        for (j=0; j<ncols; j++) {
 c0002d0:	e1a06004 	mov	r6, r4
 c0002d4:	ea00000b 	b	c000308 <initRGB+0x50>
            m[i][j].R = (i+j)*FACTOR;
 c0002d8:	e5813000 	str	r3, [r1]
            m[i][j].G = (i+j)*FACTOR;
 c0002dc:	e5813004 	str	r3, [r1, #4]
            m[i][j].B = (i+j)*FACTOR;
 c0002e0:	e5813008 	str	r3, [r1, #8]
void initRGB(pixelRGB m[N][M], int nfilas, int ncols) {

    int i,j;
    
    for (i=0;i<nfilas;i++)
        for (j=0; j<ncols; j++) {
 c0002e4:	e28cc001 	add	ip, ip, #1
 c0002e8:	e2833019 	add	r3, r3, #25
 c0002ec:	e281100c 	add	r1, r1, #12
 c0002f0:	e15c0002 	cmp	ip, r2
 c0002f4:	1afffff7 	bne	c0002d8 <initRGB+0x20>
 c0002f8:	e2844019 	add	r4, r4, #25
 c0002fc:	e2800030 	add	r0, r0, #48	; 0x30

void initRGB(pixelRGB m[N][M], int nfilas, int ncols) {

    int i,j;
    
    for (i=0;i<nfilas;i++)
 c000300:	e1540005 	cmp	r4, r5
 c000304:	0a000005 	beq	c000320 <initRGB+0x68>
        for (j=0; j<ncols; j++) {
 c000308:	e3520000 	cmp	r2, #0
 c00030c:	c1a01000 	movgt	r1, r0
 c000310:	c1a03004 	movgt	r3, r4
 c000314:	c1a0c006 	movgt	ip, r6
 c000318:	caffffee 	bgt	c0002d8 <initRGB+0x20>
 c00031c:	eafffff5 	b	c0002f8 <initRGB+0x40>
            m[i][j].R = (i+j)*FACTOR;
            m[i][j].G = (i+j)*FACTOR;
            m[i][j].B = (i+j)*FACTOR;
            //(i+j)*FACTOR
        }
}
 c000320:	e8bd0070 	pop	{r4, r5, r6}
 c000324:	e12fff1e 	bx	lr

0c000328 <main>:



int main() {
 c000328:	e1a0c00d 	mov	ip, sp
 c00032c:	e92dd830 	push	{r4, r5, fp, ip, lr, pc}
 c000330:	e24cb004 	sub	fp, ip, #4
    
    // 1. Crear una matriz NxM de diferentes colores

	initRGB(imagenRGB,N,M);
 c000334:	e59f4068 	ldr	r4, [pc, #104]	; c0003a4 <main+0x7c>
 c000338:	e1a00004 	mov	r0, r4
 c00033c:	e3a01008 	mov	r1, #8
 c000340:	e3a02004 	mov	r2, #4
 c000344:	ebffffdb 	bl	c0002b8 <initRGB>

	// 2. Traducir la matriz RGB a una matriz de grises

    RGB2GrayMatrix(imagenRGB,imagenGris,N,M);
 c000348:	e59f5058 	ldr	r5, [pc, #88]	; c0003a8 <main+0x80>
 c00034c:	e1a00004 	mov	r0, r4
 c000350:	e1a01005 	mov	r1, r5
 c000354:	e3a02008 	mov	r2, #8
 c000358:	e3a03004 	mov	r3, #4
 c00035c:	eb000070 	bl	c000524 <RGB2GrayMatrix>

    // 3. Traducir la matriz de grises a una matriz en blanco y negro

    Gray2BinaryMatrix(imagenGris,imagenBinaria,N,M);
 c000360:	e59f4044 	ldr	r4, [pc, #68]	; c0003ac <main+0x84>
 c000364:	e1a00005 	mov	r0, r5
 c000368:	e1a01004 	mov	r1, r4
 c00036c:	e3a02008 	mov	r2, #8
 c000370:	e3a03004 	mov	r3, #4
 c000374:	eb000030 	bl	c00043c <Gray2BinaryMatrix>

    // Contar los unos que aparecen por filas en la matriz de blanco y negro

    sumaUnos = contarUnos(imagenBinaria,unosPorFila,N,M);
 c000378:	e1a00004 	mov	r0, r4
 c00037c:	e59f102c 	ldr	r1, [pc, #44]	; c0003b0 <main+0x88>
 c000380:	e3a02008 	mov	r2, #8
 c000384:	e3a03004 	mov	r3, #4
 c000388:	eb00000a 	bl	c0003b8 <contarUnos>
 c00038c:	e59f3020 	ldr	r3, [pc, #32]	; c0003b4 <main+0x8c>
 c000390:	e5830000 	str	r0, [r3]



    return 0;
}
 c000394:	e3a00000 	mov	r0, #0
 c000398:	e24bd014 	sub	sp, fp, #20
 c00039c:	e89d6830 	ldm	sp, {r4, r5, fp, sp, lr}
 c0003a0:	e12fff1e 	bx	lr
 c0003a4:	0c000000 	.word	0x0c000000
 c0003a8:	0c000224 	.word	0x0c000224
 c0003ac:	0c000180 	.word	0x0c000180
 c0003b0:	0c000204 	.word	0x0c000204
 c0003b4:	0c000200 	.word	0x0c000200

0c0003b8 <contarUnos>:
.extern sumarUnos

.text

contarUnos:
push {r4-r10, fp, lr}
 c0003b8:	e92d4ff0 	push	{r4, r5, r6, r7, r8, r9, sl, fp, lr}
		add fp, sp, #40 		@ 40 = 4*11-4
 c0003bc:	e28db028 	add	fp, sp, #40	; 0x28
		mov r4, r0				@ R4, direccion de inicio matriz
 c0003c0:	e1a04000 	mov	r4, r0
		mov r5, r1				@ R5, direccion de inicio de vector
 c0003c4:	e1a05001 	mov	r5, r1
		mov r6, r2				@ R6, numero de filas
 c0003c8:	e1a06002 	mov	r6, r2
		mov r7, r3				@ R7, numero de columnas
 c0003cc:	e1a07003 	mov	r7, r3
		mov r0, #0				@ R0, i
 c0003d0:	e3a00000 	mov	r0, #0
		mov r1, #0				@ R1, j
 c0003d4:	e3a01000 	mov	r1, #0
		mov r2, #0
 c0003d8:	e3a02000 	mov	r2, #0
		mul r2, r6, r7
 c0003dc:	e0020796 	mul	r2, r6, r7

0c0003e0 <for_filas>:

for_filas:
		cmp r0, r6					@ Comparar i con filas
 c0003e0:	e1500006 	cmp	r0, r6
		bge fin						@ Cuando acabe salta a fin
 c0003e4:	aa00000f 	bge	c000428 <fin>
		ldr r8, [r5, r0, lsl #2]	@ Mueve v[i] a registro
 c0003e8:	e7958100 	ldr	r8, [r5, r0, lsl #2]
		mov r8, #0					@ Mueve un 0 a v[i]
 c0003ec:	e3a08000 	mov	r8, #0

0c0003f0 <for_cols>:

for_cols:
		cmp r1,r7					@ Compara j con columnas
 c0003f0:	e1510007 	cmp	r1, r7
		bge add_i					@ Cuando acabe salta a sumar uno a i
 c0003f4:	aa000007 	bge	c000418 <add_i>
		mla r3, r7, r0, r1			@ Posicion de acceso a matriz, columnas * i + j
 c0003f8:	e0231097 	mla	r3, r7, r0, r1
		ldr r9, [r4, r3, lsl #2]	@ Cargar en r9 posicion de matriz
 c0003fc:	e7949103 	ldr	r9, [r4, r3, lsl #2]
		cmp r9, #1					@ Comprar posicion matriz con 1
 c000400:	e3590001 	cmp	r9, #1
		beq add_v					@ Si se cumple salta a add_v
 c000404:	0a000001 	beq	c000410 <add_v>

0c000408 <ret_add_v>:
ret_add_v:
    add r1, r1, #1 @ Suma uno a la j
 c000408:	e2811001 	add	r1, r1, #1
    b for_cols
 c00040c:	eafffff7 	b	c0003f0 <for_cols>

0c000410 <add_v>:

add_v:
		add r8, r8, #1			@ Sumar uno a la posicion v[i]
 c000410:	e2888001 	add	r8, r8, #1
		b ret_add_v				@ Vuelve a posicion inicial
 c000414:	eafffffb 	b	c000408 <ret_add_v>

0c000418 <add_i>:

add_i:
		str r8, [r5, r0, lsl #2]	@ Guarda en memoria v[i]
 c000418:	e7858100 	str	r8, [r5, r0, lsl #2]
		mov r1, #0					@ Pone a 0 j
 c00041c:	e3a01000 	mov	r1, #0
		add r0, r0, #1				@ Suma uno a i
 c000420:	e2800001 	add	r0, r0, #1
		b for_filas					@ Vuelve al for_filas
 c000424:	eaffffed 	b	c0003e0 <for_filas>

0c000428 <fin>:

fin:
		mov r0, r5				@ Mover a r0 inicio vector
 c000428:	e1a00005 	mov	r0, r5
		mov r1, r7				@ Tamaño del vector a r1
 c00042c:	e1a01007 	mov	r1, r7
		bl sumarUnos			@ Salto a subrutina
 c000430:	eb00005e 	bl	c0005b0 <sumarUnos>
		pop {r4-r10, fp, lr}
 c000434:	e8bd4ff0 	pop	{r4, r5, r6, r7, r8, r9, sl, fp, lr}
		mov pc, lr
 c000438:	e1a0f00e 	mov	pc, lr

0c00043c <Gray2BinaryMatrix>:
        for (j=0; j<ncols; j++)
            dest[i][j] =  rgb2gray(orig[i][j]);
    
}

void Gray2BinaryMatrix(int orig[N][M], int dest[N][M], int nfilas, int ncols) {
 c00043c:	e92d07f0 	push	{r4, r5, r6, r7, r8, r9, sl}
 c000440:	e24dd00c 	sub	sp, sp, #12
    int i,j;
    int umbral = 127;
    
    for (i=0;i<nfilas;i++)
 c000444:	e2529000 	subs	r9, r2, #0
 c000448:	da00001b 	ble	c0004bc <Gray2BinaryMatrix+0x80>
 c00044c:	e3a0a000 	mov	sl, #0
        for (j=0; j<ncols; j++)
 c000450:	e1a0500a 	mov	r5, sl
 c000454:	e58da004 	str	sl, [sp, #4]
            if (orig[i][j] > umbral)
                dest[i][j]=1;
 c000458:	e3a08001 	mov	r8, #1
 c00045c:	ea00000e 	b	c00049c <Gray2BinaryMatrix+0x60>
    int i,j;
    int umbral = 127;
    
    for (i=0;i<nfilas;i++)
        for (j=0; j<ncols; j++)
            if (orig[i][j] > umbral)
 c000460:	e7970002 	ldr	r0, [r7, r2]
                dest[i][j]=1;
 c000464:	e3500080 	cmp	r0, #128	; 0x80
 c000468:	b1a00005 	movlt	r0, r5
 c00046c:	a1a00008 	movge	r0, r8
 c000470:	e7860002 	str	r0, [r6, r2]
void Gray2BinaryMatrix(int orig[N][M], int dest[N][M], int nfilas, int ncols) {
    int i,j;
    int umbral = 127;
    
    for (i=0;i<nfilas;i++)
        for (j=0; j<ncols; j++)
 c000474:	e28cc001 	add	ip, ip, #1
 c000478:	e2822004 	add	r2, r2, #4
 c00047c:	e15c0003 	cmp	ip, r3
 c000480:	1afffff6 	bne	c000460 <Gray2BinaryMatrix+0x24>
 c000484:	e1a00004 	mov	r0, r4

void Gray2BinaryMatrix(int orig[N][M], int dest[N][M], int nfilas, int ncols) {
    int i,j;
    int umbral = 127;
    
    for (i=0;i<nfilas;i++)
 c000488:	e28aa001 	add	sl, sl, #1
 c00048c:	e2811010 	add	r1, r1, #16
 c000490:	e2800010 	add	r0, r0, #16
 c000494:	e15a0009 	cmp	sl, r9
 c000498:	0a000007 	beq	c0004bc <Gray2BinaryMatrix+0x80>
        for (j=0; j<ncols; j++)
 c00049c:	e3530000 	cmp	r3, #0
 c0004a0:	dafffff8 	ble	c000488 <Gray2BinaryMatrix+0x4c>
 c0004a4:	e1a07000 	mov	r7, r0
 c0004a8:	e1a06001 	mov	r6, r1
 c0004ac:	e1a02005 	mov	r2, r5
 c0004b0:	e59dc004 	ldr	ip, [sp, #4]
 c0004b4:	e1a04000 	mov	r4, r0
 c0004b8:	eaffffe8 	b	c000460 <Gray2BinaryMatrix+0x24>
            if (orig[i][j] > umbral)
                dest[i][j]=1;
            else
                 dest[i][j]=0;
    
}
 c0004bc:	e28dd00c 	add	sp, sp, #12
 c0004c0:	e8bd07f0 	pop	{r4, r5, r6, r7, r8, r9, sl}
 c0004c4:	e12fff1e 	bx	lr

0c0004c8 <rgb2gray>:


int rgb2gray(pixelRGB pixel) {
 c0004c8:	e24dd010 	sub	sp, sp, #16
 c0004cc:	e28d3004 	add	r3, sp, #4
 c0004d0:	e8830007 	stm	r3, {r0, r1, r2}
    return  ( (2126*pixel.R + 7152*pixel.G + 722*pixel.B) /10000);
 c0004d4:	e59d3008 	ldr	r3, [sp, #8]
 c0004d8:	e0631183 	rsb	r1, r3, r3, lsl #3
 c0004dc:	e0631301 	rsb	r1, r3, r1, lsl #6
 c0004e0:	e0802280 	add	r2, r0, r0, lsl #5
 c0004e4:	e0802102 	add	r2, r0, r2, lsl #2
 c0004e8:	e0603182 	rsb	r3, r0, r2, lsl #3
 c0004ec:	e1a02083 	lsl	r2, r3, #1
 c0004f0:	e0823201 	add	r3, r2, r1, lsl #4
 c0004f4:	e59d200c 	ldr	r2, [sp, #12]
 c0004f8:	e0821082 	add	r1, r2, r2, lsl #1
 c0004fc:	e0611201 	rsb	r1, r1, r1, lsl #4
 c000500:	e0822181 	add	r2, r2, r1, lsl #3
 c000504:	e0832082 	add	r2, r3, r2, lsl #1
 c000508:	e59f0010 	ldr	r0, [pc, #16]	; c000520 <rgb2gray+0x58>
 c00050c:	e0c03092 	smull	r3, r0, r2, r0
 c000510:	e1a02fc2 	asr	r2, r2, #31
}
 c000514:	e0620640 	rsb	r0, r2, r0, asr #12
 c000518:	e28dd010 	add	sp, sp, #16
 c00051c:	e12fff1e 	bx	lr
 c000520:	68db8bad 	.word	0x68db8bad

0c000524 <RGB2GrayMatrix>:
//-----------------------------------------------------------------------------------
//Las funciones que se definan en ensamblador deberán borrarse de este fichero
//de otra manera habría dos definciones de la misma función
//-----------------------------------------------------------------------------------

void RGB2GrayMatrix(pixelRGB orig[N][M], int dest[N][M], int nfilas, int ncols) {
 c000524:	e1a0c00d 	mov	ip, sp
 c000528:	e92ddff0 	push	{r4, r5, r6, r7, r8, r9, sl, fp, ip, lr, pc}
 c00052c:	e24cb004 	sub	fp, ip, #4
 c000530:	e24dd00c 	sub	sp, sp, #12
 c000534:	e1a06003 	mov	r6, r3
    int i,j;
    
    for (i=0;i<nfilas;i++)
 c000538:	e3520000 	cmp	r2, #0
 c00053c:	e50b2030 	str	r2, [fp, #-48]	; 0xffffffd0
 c000540:	c1a0a001 	movgt	sl, r1
 c000544:	c1a09000 	movgt	r9, r0
 c000548:	c3a08000 	movgt	r8, #0
 c00054c:	ca00000e 	bgt	c00058c <RGB2GrayMatrix+0x68>
 c000550:	ea000013 	b	c0005a4 <RGB2GrayMatrix+0x80>
        for (j=0; j<ncols; j++)
            dest[i][j] =  rgb2gray(orig[i][j]);
 c000554:	e0843084 	add	r3, r4, r4, lsl #1
 c000558:	e0873103 	add	r3, r7, r3, lsl #2
 c00055c:	e8930007 	ldm	r3, {r0, r1, r2}
 c000560:	ebffffd8 	bl	c0004c8 <rgb2gray>
 c000564:	e4850004 	str	r0, [r5], #4

void RGB2GrayMatrix(pixelRGB orig[N][M], int dest[N][M], int nfilas, int ncols) {
    int i,j;
    
    for (i=0;i<nfilas;i++)
        for (j=0; j<ncols; j++)
 c000568:	e2844001 	add	r4, r4, #1
 c00056c:	e1540006 	cmp	r4, r6
 c000570:	1afffff7 	bne	c000554 <RGB2GrayMatrix+0x30>
//-----------------------------------------------------------------------------------

void RGB2GrayMatrix(pixelRGB orig[N][M], int dest[N][M], int nfilas, int ncols) {
    int i,j;
    
    for (i=0;i<nfilas;i++)
 c000574:	e2888001 	add	r8, r8, #1
 c000578:	e28aa010 	add	sl, sl, #16
 c00057c:	e2899030 	add	r9, r9, #48	; 0x30
 c000580:	e51b3030 	ldr	r3, [fp, #-48]	; 0xffffffd0
 c000584:	e1580003 	cmp	r8, r3
 c000588:	0a000005 	beq	c0005a4 <RGB2GrayMatrix+0x80>
        for (j=0; j<ncols; j++)
 c00058c:	e3560000 	cmp	r6, #0
 c000590:	c1a07009 	movgt	r7, r9
 c000594:	c1a0500a 	movgt	r5, sl
 c000598:	c3a04000 	movgt	r4, #0
 c00059c:	caffffec 	bgt	c000554 <RGB2GrayMatrix+0x30>
 c0005a0:	eafffff3 	b	c000574 <RGB2GrayMatrix+0x50>
            dest[i][j] =  rgb2gray(orig[i][j]);
    
}
 c0005a4:	e24bd028 	sub	sp, fp, #40	; 0x28
 c0005a8:	e89d6ff0 	ldm	sp, {r4, r5, r6, r7, r8, r9, sl, fp, sp, lr}
 c0005ac:	e12fff1e 	bx	lr

0c0005b0 <sumarUnos>:

extern int sumarUnos(int vector[], int nfilas) {
	int i, suma;
	suma = 0;

	for (i=0;i<nfilas;i++){
 c0005b0:	e3510000 	cmp	r1, #0
 c0005b4:	da000008 	ble	c0005dc <sumarUnos+0x2c>
 c0005b8:	e1a02000 	mov	r2, r0
    return  ( (2126*pixel.R + 7152*pixel.G + 722*pixel.B) /10000);
}

extern int sumarUnos(int vector[], int nfilas) {
	int i, suma;
	suma = 0;
 c0005bc:	e3a00000 	mov	r0, #0

	for (i=0;i<nfilas;i++){
 c0005c0:	e1a03000 	mov	r3, r0
		suma = suma + vector[i];
 c0005c4:	e492c004 	ldr	ip, [r2], #4
 c0005c8:	e080000c 	add	r0, r0, ip

extern int sumarUnos(int vector[], int nfilas) {
	int i, suma;
	suma = 0;

	for (i=0;i<nfilas;i++){
 c0005cc:	e2833001 	add	r3, r3, #1
 c0005d0:	e1530001 	cmp	r3, r1
 c0005d4:	1afffffa 	bne	c0005c4 <sumarUnos+0x14>
 c0005d8:	e12fff1e 	bx	lr
    return  ( (2126*pixel.R + 7152*pixel.G + 722*pixel.B) /10000);
}

extern int sumarUnos(int vector[], int nfilas) {
	int i, suma;
	suma = 0;
 c0005dc:	e3a00000 	mov	r0, #0
	for (i=0;i<nfilas;i++){
		suma = suma + vector[i];
	}

	return suma;
}
 c0005e0:	e12fff1e 	bx	lr
